------------------------------------------------------------
Timing Analyzer Summary
------------------------------------------------------------

Type  : Slow 1200mV 85C Model Setup 'clk'
Slack : 2.481
TNS   : 0.000

Type  : Slow 1200mV 85C Model Hold 'clk'
Slack : 0.276
TNS   : 0.000

Type  : Slow 1200mV 85C Model Recovery 'clk'
Slack : 17.677
TNS   : 0.000

Type  : Slow 1200mV 85C Model Removal 'clk'
Slack : 1.211
TNS   : 0.000

Type  : Slow 1200mV 85C Model Minimum Pulse Width 'clk'
Slack : 9.544
TNS   : 0.000

Type  : Slow 1200mV 0C Model Setup 'clk'
Slack : 3.937
TNS   : 0.000

Type  : Slow 1200mV 0C Model Hold 'clk'
Slack : 0.272
TNS   : 0.000

Type  : Slow 1200mV 0C Model Recovery 'clk'
Slack : 17.849
TNS   : 0.000

Type  : Slow 1200mV 0C Model Removal 'clk'
Slack : 1.101
TNS   : 0.000

Type  : Slow 1200mV 0C Model Minimum Pulse Width 'clk'
Slack : 9.570
TNS   : 0.000

Type  : Fast 1200mV 0C Model Setup 'clk'
Slack : 12.476
TNS   : 0.000

Type  : Fast 1200mV 0C Model Hold 'clk'
Slack : 0.114
TNS   : 0.000

Type  : Fast 1200mV 0C Model Recovery 'clk'
Slack : 18.956
TNS   : 0.000

Type  : Fast 1200mV 0C Model Removal 'clk'
Slack : 0.544
TNS   : 0.000

Type  : Fast 1200mV 0C Model Minimum Pulse Width 'clk'
Slack : 9.404
TNS   : 0.000

------------------------------------------------------------
